21:11:31 **** Build of configuration Debug for project Lab5 ****
make -j4 all 
arm-none-eabi-gcc "../Drivers/STM32F1xx_HAL_Driver/Src/stm32f1xx_hal.c" -mcpu=cortex-m3 -std=gnu11 -g3 -DDEBUG -DUSE_HAL_DRIVER -DSTM32F103x6 -c -I../Core/Inc -I../Drivers/STM32F1xx_HAL_Driver/Inc -I../Drivers/STM32F1xx_HAL_Driver/Inc/Legacy -I../Drivers/CMSIS/Device/ST/STM32F1xx/Include -I../Drivers/CMSIS/Include -O0 -ffunction-sections -fdata-sections -Wall -fstack-usage -MMD -MP -MF"Drivers/STM32F1xx_HAL_Driver/Src/stm32f1xx_hal.d" -MT"Drivers/STM32F1xx_HAL_Driver/Src/stm32f1xx_hal.o" --specs=nano.specs -mfloat-abi=soft -mthumb -o "Drivers/STM32F1xx_HAL_Driver/Src/stm32f1xx_hal.o"
arm-none-eabi-gcc "../Drivers/STM32F1xx_HAL_Driver/Src/stm32f1xx_hal_adc.c" -mcpu=cortex-m3 -std=gnu11 -g3 -DDEBUG -DUSE_HAL_DRIVER -DSTM32F103x6 -c -I../Core/Inc -I../Drivers/STM32F1xx_HAL_Driver/Inc -I../Drivers/STM32F1xx_HAL_Driver/Inc/Legacy -I../Drivers/CMSIS/Device/ST/STM32F1xx/Include -I../Drivers/CMSIS/Include -O0 -ffunction-sections -fdata-sections -Wall -fstack-usage -MMD -MP -MF"Drivers/STM32F1xx_HAL_Driver/Src/stm32f1xx_hal_adc.d" -MT"Drivers/STM32F1xx_HAL_Driver/Src/stm32f1xx_hal_adc.o" --specs=nano.specs -mfloat-abi=soft -mthumb -o "Drivers/STM32F1xx_HAL_Driver/Src/stm32f1xx_hal_adc.o"
arm-none-eabi-gcc "../Drivers/STM32F1xx_HAL_Driver/Src/stm32f1xx_hal_adc_ex.c" -mcpu=cortex-m3 -std=gnu11 -g3 -DDEBUG -DUSE_HAL_DRIVER -DSTM32F103x6 -c -I../Core/Inc -I../Drivers/STM32F1xx_HAL_Driver/Inc -I../Drivers/STM32F1xx_HAL_Driver/Inc/Legacy -I../Drivers/CMSIS/Device/ST/STM32F1xx/Include -I../Drivers/CMSIS/Include -O0 -ffunction-sections -fdata-sections -Wall -fstack-usage -MMD -MP -MF"Drivers/STM32F1xx_HAL_Driver/Src/stm32f1xx_hal_adc_ex.d" -MT"Drivers/STM32F1xx_HAL_Driver/Src/stm32f1xx_hal_adc_ex.o" --specs=nano.specs -mfloat-abi=soft -mthumb -o "Drivers/STM32F1xx_HAL_Driver/Src/stm32f1xx_hal_adc_ex.o"
arm-none-eabi-gcc "../Drivers/STM32F1xx_HAL_Driver/Src/stm32f1xx_hal_cortex.c" -mcpu=cortex-m3 -std=gnu11 -g3 -DDEBUG -DUSE_HAL_DRIVER -DSTM32F103x6 -c -I../Core/Inc -I../Drivers/STM32F1xx_HAL_Driver/Inc -I../Drivers/STM32F1xx_HAL_Driver/Inc/Legacy -I../Drivers/CMSIS/Device/ST/STM32F1xx/Include -I../Drivers/CMSIS/Include -O0 -ffunction-sections -fdata-sections -Wall -fstack-usage -MMD -MP -MF"Drivers/STM32F1xx_HAL_Driver/Src/stm32f1xx_hal_cortex.d" -MT"Drivers/STM32F1xx_HAL_Driver/Src/stm32f1xx_hal_cortex.o" --specs=nano.specs -mfloat-abi=soft -mthumb -o "Drivers/STM32F1xx_HAL_Driver/Src/stm32f1xx_hal_cortex.o"
arm-none-eabi-gcc "../Drivers/STM32F1xx_HAL_Driver/Src/stm32f1xx_hal_dma.c" -mcpu=cortex-m3 -std=gnu11 -g3 -DDEBUG -DUSE_HAL_DRIVER -DSTM32F103x6 -c -I../Core/Inc -I../Drivers/STM32F1xx_HAL_Driver/Inc -I../Drivers/STM32F1xx_HAL_Driver/Inc/Legacy -I../Drivers/CMSIS/Device/ST/STM32F1xx/Include -I../Drivers/CMSIS/Include -O0 -ffunction-sections -fdata-sections -Wall -fstack-usage -MMD -MP -MF"Drivers/STM32F1xx_HAL_Driver/Src/stm32f1xx_hal_dma.d" -MT"Drivers/STM32F1xx_HAL_Driver/Src/stm32f1xx_hal_dma.o" --specs=nano.specs -mfloat-abi=soft -mthumb -o "Drivers/STM32F1xx_HAL_Driver/Src/stm32f1xx_hal_dma.o"
arm-none-eabi-gcc "../Drivers/STM32F1xx_HAL_Driver/Src/stm32f1xx_hal_exti.c" -mcpu=cortex-m3 -std=gnu11 -g3 -DDEBUG -DUSE_HAL_DRIVER -DSTM32F103x6 -c -I../Core/Inc -I../Drivers/STM32F1xx_HAL_Driver/Inc -I../Drivers/STM32F1xx_HAL_Driver/Inc/Legacy -I../Drivers/CMSIS/Device/ST/STM32F1xx/Include -I../Drivers/CMSIS/Include -O0 -ffunction-sections -fdata-sections -Wall -fstack-usage -MMD -MP -MF"Drivers/STM32F1xx_HAL_Driver/Src/stm32f1xx_hal_exti.d" -MT"Drivers/STM32F1xx_HAL_Driver/Src/stm32f1xx_hal_exti.o" --specs=nano.specs -mfloat-abi=soft -mthumb -o "Drivers/STM32F1xx_HAL_Driver/Src/stm32f1xx_hal_exti.o"
arm-none-eabi-gcc "../Drivers/STM32F1xx_HAL_Driver/Src/stm32f1xx_hal_flash.c" -mcpu=cortex-m3 -std=gnu11 -g3 -DDEBUG -DUSE_HAL_DRIVER -DSTM32F103x6 -c -I../Core/Inc -I../Drivers/STM32F1xx_HAL_Driver/Inc -I../Drivers/STM32F1xx_HAL_Driver/Inc/Legacy -I../Drivers/CMSIS/Device/ST/STM32F1xx/Include -I../Drivers/CMSIS/Include -O0 -ffunction-sections -fdata-sections -Wall -fstack-usage -MMD -MP -MF"Drivers/STM32F1xx_HAL_Driver/Src/stm32f1xx_hal_flash.d" -MT"Drivers/STM32F1xx_HAL_Driver/Src/stm32f1xx_hal_flash.o" --specs=nano.specs -mfloat-abi=soft -mthumb -o "Drivers/STM32F1xx_HAL_Driver/Src/stm32f1xx_hal_flash.o"
arm-none-eabi-gcc "../Drivers/STM32F1xx_HAL_Driver/Src/stm32f1xx_hal_flash_ex.c" -mcpu=cortex-m3 -std=gnu11 -g3 -DDEBUG -DUSE_HAL_DRIVER -DSTM32F103x6 -c -I../Core/Inc -I../Drivers/STM32F1xx_HAL_Driver/Inc -I../Drivers/STM32F1xx_HAL_Driver/Inc/Legacy -I../Drivers/CMSIS/Device/ST/STM32F1xx/Include -I../Drivers/CMSIS/Include -O0 -ffunction-sections -fdata-sections -Wall -fstack-usage -MMD -MP -MF"Drivers/STM32F1xx_HAL_Driver/Src/stm32f1xx_hal_flash_ex.d" -MT"Drivers/STM32F1xx_HAL_Driver/Src/stm32f1xx_hal_flash_ex.o" --specs=nano.specs -mfloat-abi=soft -mthumb -o "Drivers/STM32F1xx_HAL_Driver/Src/stm32f1xx_hal_flash_ex.o"
arm-none-eabi-gcc "../Drivers/STM32F1xx_HAL_Driver/Src/stm32f1xx_hal_gpio.c" -mcpu=cortex-m3 -std=gnu11 -g3 -DDEBUG -DUSE_HAL_DRIVER -DSTM32F103x6 -c -I../Core/Inc -I../Drivers/STM32F1xx_HAL_Driver/Inc -I../Drivers/STM32F1xx_HAL_Driver/Inc/Legacy -I../Drivers/CMSIS/Device/ST/STM32F1xx/Include -I../Drivers/CMSIS/Include -O0 -ffunction-sections -fdata-sections -Wall -fstack-usage -MMD -MP -MF"Drivers/STM32F1xx_HAL_Driver/Src/stm32f1xx_hal_gpio.d" -MT"Drivers/STM32F1xx_HAL_Driver/Src/stm32f1xx_hal_gpio.o" --specs=nano.specs -mfloat-abi=soft -mthumb -o "Drivers/STM32F1xx_HAL_Driver/Src/stm32f1xx_hal_gpio.o"
arm-none-eabi-gcc "../Drivers/STM32F1xx_HAL_Driver/Src/stm32f1xx_hal_gpio_ex.c" -mcpu=cortex-m3 -std=gnu11 -g3 -DDEBUG -DUSE_HAL_DRIVER -DSTM32F103x6 -c -I../Core/Inc -I../Drivers/STM32F1xx_HAL_Driver/Inc -I../Drivers/STM32F1xx_HAL_Driver/Inc/Legacy -I../Drivers/CMSIS/Device/ST/STM32F1xx/Include -I../Drivers/CMSIS/Include -O0 -ffunction-sections -fdata-sections -Wall -fstack-usage -MMD -MP -MF"Drivers/STM32F1xx_HAL_Driver/Src/stm32f1xx_hal_gpio_ex.d" -MT"Drivers/STM32F1xx_HAL_Driver/Src/stm32f1xx_hal_gpio_ex.o" --specs=nano.specs -mfloat-abi=soft -mthumb -o "Drivers/STM32F1xx_HAL_Driver/Src/stm32f1xx_hal_gpio_ex.o"
arm-none-eabi-gcc "../Drivers/STM32F1xx_HAL_Driver/Src/stm32f1xx_hal_pwr.c" -mcpu=cortex-m3 -std=gnu11 -g3 -DDEBUG -DUSE_HAL_DRIVER -DSTM32F103x6 -c -I../Core/Inc -I../Drivers/STM32F1xx_HAL_Driver/Inc -I../Drivers/STM32F1xx_HAL_Driver/Inc/Legacy -I../Drivers/CMSIS/Device/ST/STM32F1xx/Include -I../Drivers/CMSIS/Include -O0 -ffunction-sections -fdata-sections -Wall -fstack-usage -MMD -MP -MF"Drivers/STM32F1xx_HAL_Driver/Src/stm32f1xx_hal_pwr.d" -MT"Drivers/STM32F1xx_HAL_Driver/Src/stm32f1xx_hal_pwr.o" --specs=nano.specs -mfloat-abi=soft -mthumb -o "Drivers/STM32F1xx_HAL_Driver/Src/stm32f1xx_hal_pwr.o"
arm-none-eabi-gcc "../Drivers/STM32F1xx_HAL_Driver/Src/stm32f1xx_hal_rcc.c" -mcpu=cortex-m3 -std=gnu11 -g3 -DDEBUG -DUSE_HAL_DRIVER -DSTM32F103x6 -c -I../Core/Inc -I../Drivers/STM32F1xx_HAL_Driver/Inc -I../Drivers/STM32F1xx_HAL_Driver/Inc/Legacy -I../Drivers/CMSIS/Device/ST/STM32F1xx/Include -I../Drivers/CMSIS/Include -O0 -ffunction-sections -fdata-sections -Wall -fstack-usage -MMD -MP -MF"Drivers/STM32F1xx_HAL_Driver/Src/stm32f1xx_hal_rcc.d" -MT"Drivers/STM32F1xx_HAL_Driver/Src/stm32f1xx_hal_rcc.o" --specs=nano.specs -mfloat-abi=soft -mthumb -o "Drivers/STM32F1xx_HAL_Driver/Src/stm32f1xx_hal_rcc.o"
arm-none-eabi-gcc "../Drivers/STM32F1xx_HAL_Driver/Src/stm32f1xx_hal_rcc_ex.c" -mcpu=cortex-m3 -std=gnu11 -g3 -DDEBUG -DUSE_HAL_DRIVER -DSTM32F103x6 -c -I../Core/Inc -I../Drivers/STM32F1xx_HAL_Driver/Inc -I../Drivers/STM32F1xx_HAL_Driver/Inc/Legacy -I../Drivers/CMSIS/Device/ST/STM32F1xx/Include -I../Drivers/CMSIS/Include -O0 -ffunction-sections -fdata-sections -Wall -fstack-usage -MMD -MP -MF"Drivers/STM32F1xx_HAL_Driver/Src/stm32f1xx_hal_rcc_ex.d" -MT"Drivers/STM32F1xx_HAL_Driver/Src/stm32f1xx_hal_rcc_ex.o" --specs=nano.specs -mfloat-abi=soft -mthumb -o "Drivers/STM32F1xx_HAL_Driver/Src/stm32f1xx_hal_rcc_ex.o"
arm-none-eabi-gcc "../Drivers/STM32F1xx_HAL_Driver/Src/stm32f1xx_hal_tim.c" -mcpu=cortex-m3 -std=gnu11 -g3 -DDEBUG -DUSE_HAL_DRIVER -DSTM32F103x6 -c -I../Core/Inc -I../Drivers/STM32F1xx_HAL_Driver/Inc -I../Drivers/STM32F1xx_HAL_Driver/Inc/Legacy -I../Drivers/CMSIS/Device/ST/STM32F1xx/Include -I../Drivers/CMSIS/Include -O0 -ffunction-sections -fdata-sections -Wall -fstack-usage -MMD -MP -MF"Drivers/STM32F1xx_HAL_Driver/Src/stm32f1xx_hal_tim.d" -MT"Drivers/STM32F1xx_HAL_Driver/Src/stm32f1xx_hal_tim.o" --specs=nano.specs -mfloat-abi=soft -mthumb -o "Drivers/STM32F1xx_HAL_Driver/Src/stm32f1xx_hal_tim.o"
arm-none-eabi-gcc "../Drivers/STM32F1xx_HAL_Driver/Src/stm32f1xx_hal_tim_ex.c" -mcpu=cortex-m3 -std=gnu11 -g3 -DDEBUG -DUSE_HAL_DRIVER -DSTM32F103x6 -c -I../Core/Inc -I../Drivers/STM32F1xx_HAL_Driver/Inc -I../Drivers/STM32F1xx_HAL_Driver/Inc/Legacy -I../Drivers/CMSIS/Device/ST/STM32F1xx/Include -I../Drivers/CMSIS/Include -O0 -ffunction-sections -fdata-sections -Wall -fstack-usage -MMD -MP -MF"Drivers/STM32F1xx_HAL_Driver/Src/stm32f1xx_hal_tim_ex.d" -MT"Drivers/STM32F1xx_HAL_Driver/Src/stm32f1xx_hal_tim_ex.o" --specs=nano.specs -mfloat-abi=soft -mthumb -o "Drivers/STM32F1xx_HAL_Driver/Src/stm32f1xx_hal_tim_ex.o"
arm-none-eabi-gcc "../Drivers/STM32F1xx_HAL_Driver/Src/stm32f1xx_hal_uart.c" -mcpu=cortex-m3 -std=gnu11 -g3 -DDEBUG -DUSE_HAL_DRIVER -DSTM32F103x6 -c -I../Core/Inc -I../Drivers/STM32F1xx_HAL_Driver/Inc -I../Drivers/STM32F1xx_HAL_Driver/Inc/Legacy -I../Drivers/CMSIS/Device/ST/STM32F1xx/Include -I../Drivers/CMSIS/Include -O0 -ffunction-sections -fdata-sections -Wall -fstack-usage -MMD -MP -MF"Drivers/STM32F1xx_HAL_Driver/Src/stm32f1xx_hal_uart.d" -MT"Drivers/STM32F1xx_HAL_Driver/Src/stm32f1xx_hal_uart.o" --specs=nano.specs -mfloat-abi=soft -mthumb -o "Drivers/STM32F1xx_HAL_Driver/Src/stm32f1xx_hal_uart.o"
arm-none-eabi-gcc -mcpu=cortex-m3 -g3 -DDEBUG -c -x assembler-with-cpp -MMD -MP -MF"Core/Startup/startup_stm32f103c6ux.d" -MT"Core/Startup/startup_stm32f103c6ux.o" --specs=nano.specs -mfloat-abi=soft -mthumb -o "Core/Startup/startup_stm32f103c6ux.o" "../Core/Startup/startup_stm32f103c6ux.s"
arm-none-eabi-gcc "../Core/Src/fsm.c" -mcpu=cortex-m3 -std=gnu11 -g3 -DDEBUG -DUSE_HAL_DRIVER -DSTM32F103x6 -c -I../Core/Inc -I../Drivers/STM32F1xx_HAL_Driver/Inc -I../Drivers/STM32F1xx_HAL_Driver/Inc/Legacy -I../Drivers/CMSIS/Device/ST/STM32F1xx/Include -I../Drivers/CMSIS/Include -O0 -ffunction-sections -fdata-sections -Wall -fstack-usage -MMD -MP -MF"Core/Src/fsm.d" -MT"Core/Src/fsm.o" --specs=nano.specs -mfloat-abi=soft -mthumb -o "Core/Src/fsm.o"
arm-none-eabi-gcc "../Core/Src/main.c" -mcpu=cortex-m3 -std=gnu11 -g3 -DDEBUG -DUSE_HAL_DRIVER -DSTM32F103x6 -c -I../Core/Inc -I../Drivers/STM32F1xx_HAL_Driver/Inc -I../Drivers/STM32F1xx_HAL_Driver/Inc/Legacy -I../Drivers/CMSIS/Device/ST/STM32F1xx/Include -I../Drivers/CMSIS/Include -O0 -ffunction-sections -fdata-sections -Wall -fstack-usage -MMD -MP -MF"Core/Src/main.d" -MT"Core/Src/main.o" --specs=nano.specs -mfloat-abi=soft -mthumb -o "Core/Src/main.o"
arm-none-eabi-gcc "../Core/Src/software_timer.c" -mcpu=cortex-m3 -std=gnu11 -g3 -DDEBUG -DUSE_HAL_DRIVER -DSTM32F103x6 -c -I../Core/Inc -I../Drivers/STM32F1xx_HAL_Driver/Inc -I../Drivers/STM32F1xx_HAL_Driver/Inc/Legacy -I../Drivers/CMSIS/Device/ST/STM32F1xx/Include -I../Drivers/CMSIS/Include -O0 -ffunction-sections -fdata-sections -Wall -fstack-usage -MMD -MP -MF"Core/Src/software_timer.d" -MT"Core/Src/software_timer.o" --specs=nano.specs -mfloat-abi=soft -mthumb -o "Core/Src/software_timer.o"
../Core/Src/fsm.c:26:1: error: unknown type name 'bool'
   26 | bool cmdEqualRST(uint8_t str[])
      | ^~~~
../Core/Src/fsm.c: In function 'cmdEqualRST':
../Core/Src/fsm.c:28:61: error: 'true' undeclared (first use in this function)
   28 |  if(str[0] == 'R' && str[1] == 'S' && str[2] == 'T') return true;
      |                                                             ^~~~
../Core/Src/fsm.c:28:61: note: each undeclared identifier is reported only once for each function it appears in
../Core/Src/fsm.c:29:14: error: 'false' undeclared (first use in this function)
   29 |  else return false;
      |              ^~~~~
../Core/Src/fsm.c: At top level:
../Core/Src/fsm.c:32:1: error: unknown type name 'bool'
   32 | bool cmdEqualOK(uint8_t str[])
      | ^~~~
../Core/Src/fsm.c: In function 'cmdEqualOK':
../Core/Src/fsm.c:34:44: error: 'true' undeclared (first use in this function)
   34 |  if(str[0] == 'O' && str[1] == 'K') return true;
      |                                            ^~~~
../Core/Src/fsm.c:35:14: error: 'false' undeclared (first use in this function)
   35 |  else return false;
      |              ^~~~~
../Core/Src/fsm.c: In function 'command_parser':
../Core/Src/fsm.c:59:36: error: 'true' undeclared (first use in this function)
   59 |    if(cmdEqualRST(command_data) == true)
      |                                    ^~~~
../Core/Src/fsm.c: In function 'cmdEqualRST':
../Core/Src/fsm.c:30:1: warning: control reaches end of non-void function [-Wreturn-type]
   30 | }
      | ^
../Core/Src/fsm.c: In function 'cmdEqualOK':
../Core/Src/fsm.c:36:1: warning: control reaches end of non-void function [-Wreturn-type]
   36 | }
      | ^
../Core/Src/main.c: In function 'main':
../Core/Src/main.c:100:33: error: 'temp' undeclared (first use in this function)
  100 |   HAL_UART_Receive_IT(&huart2, &temp, 1);
      |                                 ^~~~
../Core/Src/main.c:100:33: note: each undeclared identifier is reported only once for each function it appears in
make: *** [Core/Src/subdir.mk:40: Core/Src/fsm.o] Error 1
make: *** Waiting for unfinished jobs....
make: *** [Core/Src/subdir.mk:40: Core/Src/main.o] Error 1
"make -j4 all" terminated with exit code 2. Build might be incomplete.
21:13:51 **** Incremental Build of configuration Debug for project Lab5 ****
make -j4 all 
arm-none-eabi-gcc "../Core/Src/fsm.c" -mcpu=cortex-m3 -std=gnu11 -g3 -DDEBUG -DUSE_HAL_DRIVER -DSTM32F103x6 -c -I../Core/Inc -I../Drivers/STM32F1xx_HAL_Driver/Inc -I../Drivers/STM32F1xx_HAL_Driver/Inc/Legacy -I../Drivers/CMSIS/Device/ST/STM32F1xx/Include -I../Drivers/CMSIS/Include -O0 -ffunction-sections -fdata-sections -Wall -fstack-usage -MMD -MP -MF"Core/Src/fsm.d" -MT"Core/Src/fsm.o" --specs=nano.specs -mfloat-abi=soft -mthumb -o "Core/Src/fsm.o"
arm-none-eabi-gcc "../Core/Src/main.c" -mcpu=cortex-m3 -std=gnu11 -g3 -DDEBUG -DUSE_HAL_DRIVER -DSTM32F103x6 -c -I../Core/Inc -I../Drivers/STM32F1xx_HAL_Driver/Inc -I../Drivers/STM32F1xx_HAL_Driver/Inc/Legacy -I../Drivers/CMSIS/Device/ST/STM32F1xx/Include -I../Drivers/CMSIS/Include -O0 -ffunction-sections -fdata-sections -Wall -fstack-usage -MMD -MP -MF"Core/Src/main.d" -MT"Core/Src/main.o" --specs=nano.specs -mfloat-abi=soft -mthumb -o "Core/Src/main.o"
arm-none-eabi-gcc "../Core/Src/stm32f1xx_hal_msp.c" -mcpu=cortex-m3 -std=gnu11 -g3 -DDEBUG -DUSE_HAL_DRIVER -DSTM32F103x6 -c -I../Core/Inc -I../Drivers/STM32F1xx_HAL_Driver/Inc -I../Drivers/STM32F1xx_HAL_Driver/Inc/Legacy -I../Drivers/CMSIS/Device/ST/STM32F1xx/Include -I../Drivers/CMSIS/Include -O0 -ffunction-sections -fdata-sections -Wall -fstack-usage -MMD -MP -MF"Core/Src/stm32f1xx_hal_msp.d" -MT"Core/Src/stm32f1xx_hal_msp.o" --specs=nano.specs -mfloat-abi=soft -mthumb -o "Core/Src/stm32f1xx_hal_msp.o"
arm-none-eabi-gcc "../Core/Src/stm32f1xx_it.c" -mcpu=cortex-m3 -std=gnu11 -g3 -DDEBUG -DUSE_HAL_DRIVER -DSTM32F103x6 -c -I../Core/Inc -I../Drivers/STM32F1xx_HAL_Driver/Inc -I../Drivers/STM32F1xx_HAL_Driver/Inc/Legacy -I../Drivers/CMSIS/Device/ST/STM32F1xx/Include -I../Drivers/CMSIS/Include -O0 -ffunction-sections -fdata-sections -Wall -fstack-usage -MMD -MP -MF"Core/Src/stm32f1xx_it.d" -MT"Core/Src/stm32f1xx_it.o" --specs=nano.specs -mfloat-abi=soft -mthumb -o "Core/Src/stm32f1xx_it.o"
../Core/Src/main.c: In function 'main':
../Core/Src/main.c:100:33: error: 'temp' undeclared (first use in this function)
  100 |   HAL_UART_Receive_IT(&huart2, &temp, 1);
      |                                 ^~~~
../Core/Src/main.c:100:33: note: each undeclared identifier is reported only once for each function it appears in
make: *** [Core/Src/subdir.mk:40: Core/Src/main.o] Error 1
make: *** Waiting for unfinished jobs....
"make -j4 all" terminated with exit code 2. Build might be incomplete.
16:19:37 **** Incremental Build of configuration Debug for project Lab5 ****
make -j4 all 
arm-none-eabi-gcc "../Core/Src/fsm.c" -mcpu=cortex-m3 -std=gnu11 -g3 -DDEBUG -DUSE_HAL_DRIVER -DSTM32F103x6 -c -I../Core/Inc -I../Drivers/STM32F1xx_HAL_Driver/Inc -I../Drivers/STM32F1xx_HAL_Driver/Inc/Legacy -I../Drivers/CMSIS/Device/ST/STM32F1xx/Include -I../Drivers/CMSIS/Include -O0 -ffunction-sections -fdata-sections -Wall -fstack-usage -MMD -MP -MF"Core/Src/fsm.d" -MT"Core/Src/fsm.o" --specs=nano.specs -mfloat-abi=soft -mthumb -o "Core/Src/fsm.o"
arm-none-eabi-gcc "../Core/Src/main.c" -mcpu=cortex-m3 -std=gnu11 -g3 -DDEBUG -DUSE_HAL_DRIVER -DSTM32F103x6 -c -I../Core/Inc -I../Drivers/STM32F1xx_HAL_Driver/Inc -I../Drivers/STM32F1xx_HAL_Driver/Inc/Legacy -I../Drivers/CMSIS/Device/ST/STM32F1xx/Include -I../Drivers/CMSIS/Include -O0 -ffunction-sections -fdata-sections -Wall -fstack-usage -MMD -MP -MF"Core/Src/main.d" -MT"Core/Src/main.o" --specs=nano.specs -mfloat-abi=soft -mthumb -o "Core/Src/main.o"
arm-none-eabi-gcc "../Core/Src/syscalls.c" -mcpu=cortex-m3 -std=gnu11 -g3 -DDEBUG -DUSE_HAL_DRIVER -DSTM32F103x6 -c -I../Core/Inc -I../Drivers/STM32F1xx_HAL_Driver/Inc -I../Drivers/STM32F1xx_HAL_Driver/Inc/Legacy -I../Drivers/CMSIS/Device/ST/STM32F1xx/Include -I../Drivers/CMSIS/Include -O0 -ffunction-sections -fdata-sections -Wall -fstack-usage -MMD -MP -MF"Core/Src/syscalls.d" -MT"Core/Src/syscalls.o" --specs=nano.specs -mfloat-abi=soft -mthumb -o "Core/Src/syscalls.o"
arm-none-eabi-gcc "../Core/Src/sysmem.c" -mcpu=cortex-m3 -std=gnu11 -g3 -DDEBUG -DUSE_HAL_DRIVER -DSTM32F103x6 -c -I../Core/Inc -I../Drivers/STM32F1xx_HAL_Driver/Inc -I../Drivers/STM32F1xx_HAL_Driver/Inc/Legacy -I../Drivers/CMSIS/Device/ST/STM32F1xx/Include -I../Drivers/CMSIS/Include -O0 -ffunction-sections -fdata-sections -Wall -fstack-usage -MMD -MP -MF"Core/Src/sysmem.d" -MT"Core/Src/sysmem.o" --specs=nano.specs -mfloat-abi=soft -mthumb -o "Core/Src/sysmem.o"
arm-none-eabi-gcc "../Core/Src/system_stm32f1xx.c" -mcpu=cortex-m3 -std=gnu11 -g3 -DDEBUG -DUSE_HAL_DRIVER -DSTM32F103x6 -c -I../Core/Inc -I../Drivers/STM32F1xx_HAL_Driver/Inc -I../Drivers/STM32F1xx_HAL_Driver/Inc/Legacy -I../Drivers/CMSIS/Device/ST/STM32F1xx/Include -I../Drivers/CMSIS/Include -O0 -ffunction-sections -fdata-sections -Wall -fstack-usage -MMD -MP -MF"Core/Src/system_stm32f1xx.d" -MT"Core/Src/system_stm32f1xx.o" --specs=nano.specs -mfloat-abi=soft -mthumb -o "Core/Src/system_stm32f1xx.o"
arm-none-eabi-gcc -o "Lab5.elf" @"objects.list"   -mcpu=cortex-m3 -T"F:\Lab_MCU\Lab5\STM32F103C6UX_FLASH.ld" --specs=nosys.specs -Wl,-Map="Lab5.map" -Wl,--gc-sections -static --specs=nano.specs -mfloat-abi=soft -mthumb -Wl,--start-group -lc -lm -Wl,--end-group
Finished building target: Lab5.elf
 
arm-none-eabi-size   Lab5.elf 
arm-none-eabi-objdump -h -S  Lab5.elf  > "Lab5.list"
arm-none-eabi-objcopy  -O binary  Lab5.elf  "Lab5.bin"
   text	   data	    bss	    dec	    hex	filename
  16288	    120	   1864	  18272	   4760	Lab5.elf
Finished building: default.size.stdout
 
Finished building: Lab5.bin
 
Finished building: Lab5.list
 
16:19:45 **** Incremental Build of configuration Debug for project Lab5 ****
make -j4 all 
arm-none-eabi-size   Lab5.elf 
   text	   data	    bss	    dec	    hex	filename
  16288	    120	   1864	  18272	   4760	Lab5.elf
Finished building: default.size.stdout
 
16:19:47 **** Incremental Build of configuration Debug for project Lab5 ****
make -j4 all 
arm-none-eabi-size   Lab5.elf 
   text	   data	    bss	    dec	    hex	filename
  16288	    120	   1864	  18272	   4760	Lab5.elf
Finished building: default.size.stdout
 
16:19:49 **** Incremental Build of configuration Debug for project Lab5 ****
make -j4 all 
arm-none-eabi-size   Lab5.elf 
   text	   data	    bss	    dec	    hex	filename
  16288	    120	   1864	  18272	   4760	Lab5.elf
Finished building: default.size.stdout
 
16:19:51 **** Incremental Build of configuration Debug for project Lab5 ****
make -j4 all 
arm-none-eabi-size   Lab5.elf 
   text	   data	    bss	    dec	    hex	filename
  16288	    120	   1864	  18272	   4760	Lab5.elf
Finished building: default.size.stdout
 
16:19:52 **** Incremental Build of configuration Debug for project Lab5 ****
make -j4 all 
arm-none-eabi-size   Lab5.elf 
   text	   data	    bss	    dec	    hex	filename
  16288	    120	   1864	  18272	   4760	Lab5.elf
Finished building: default.size.stdout
 
16:19:54 **** Incremental Build of configuration Debug for project Lab5 ****
make -j4 all 
arm-none-eabi-size   Lab5.elf 
   text	   data	    bss	    dec	    hex	filename
  16288	    120	   1864	  18272	   4760	Lab5.elf
Finished building: default.size.stdout
 
16:19:56 **** Incremental Build of configuration Debug for project Lab5 ****
make -j4 all 
arm-none-eabi-size   Lab5.elf 
   text	   data	    bss	    dec	    hex	filename
  16288	    120	   1864	  18272	   4760	Lab5.elf
Finished building: default.size.stdout
 
16:19:59 **** Incremental Build of configuration Debug for project Lab5 ****
make -j4 all 
arm-none-eabi-size   Lab5.elf 
   text	   data	    bss	    dec	    hex	filename
  16288	    120	   1864	  18272	   4760	Lab5.elf
Finished building: default.size.stdout
 
16:20:38 **** Incremental Build of configuration Debug for project Lab5 ****
make -j4 all 
arm-none-eabi-size   Lab5.elf 
   text	   data	    bss	    dec	    hex	filename
  16288	    120	   1864	  18272	   4760	Lab5.elf
Finished building: default.size.stdout
 
16:20:40 **** Incremental Build of configuration Debug for project Lab5 ****
make -j4 all 
arm-none-eabi-size   Lab5.elf 
   text	   data	    bss	    dec	    hex	filename
  16288	    120	   1864	  18272	   4760	Lab5.elf
Finished building: default.size.stdout
 
16:20:41 **** Incremental Build of configuration Debug for project Lab5 ****
make -j4 all 
arm-none-eabi-size   Lab5.elf 
   text	   data	    bss	    dec	    hex	filename
  16288	    120	   1864	  18272	   4760	Lab5.elf
Finished building: default.size.stdout
 
16:20:43 **** Incremental Build of configuration Debug for project Lab5 ****
make -j4 all 
arm-none-eabi-size   Lab5.elf 
   text	   data	    bss	    dec	    hex	filename
  16288	    120	   1864	  18272	   4760	Lab5.elf
Finished building: default.size.stdout
 
16:20:44 **** Incremental Build of configuration Debug for project Lab5 ****
make -j4 all 
arm-none-eabi-size   Lab5.elf 
   text	   data	    bss	    dec	    hex	filename
  16288	    120	   1864	  18272	   4760	Lab5.elf
Finished building: default.size.stdout
 
16:20:45 **** Incremental Build of configuration Debug for project Lab5 ****
make -j4 all 
arm-none-eabi-size   Lab5.elf 
   text	   data	    bss	    dec	    hex	filename
  16288	    120	   1864	  18272	   4760	Lab5.elf
Finished building: default.size.stdout
 
16:20:48 **** Incremental Build of configuration Debug for project Lab5 ****
make -j4 all 
arm-none-eabi-size   Lab5.elf 
   text	   data	    bss	    dec	    hex	filename
  16288	    120	   1864	  18272	   4760	Lab5.elf
Finished building: default.size.stdout
 
16:20:54 **** Incremental Build of configuration Debug for project Lab5 ****
make -j4 all 
arm-none-eabi-size   Lab5.elf 
   text	   data	    bss	    dec	    hex	filename
  16288	    120	   1864	  18272	   4760	Lab5.elf
Finished building: default.size.stdout
 
16:20:56 **** Incremental Build of configuration Debug for project Lab5 ****
make -j4 all 
arm-none-eabi-size   Lab5.elf 
   text	   data	    bss	    dec	    hex	filename
  16288	    120	   1864	  18272	   4760	Lab5.elf
Finished building: default.size.stdout
 
16:20:57 **** Incremental Build of configuration Debug for project Lab5 ****
make -j4 all 
arm-none-eabi-size   Lab5.elf 
   text	   data	    bss	    dec	    hex	filename
  16288	    120	   1864	  18272	   4760	Lab5.elf
Finished building: default.size.stdout
 
16:20:59 **** Incremental Build of configuration Debug for project Lab5 ****
make -j4 all 
arm-none-eabi-size   Lab5.elf 
   text	   data	    bss	    dec	    hex	filename
  16288	    120	   1864	  18272	   4760	Lab5.elf
Finished building: default.size.stdout
 
16:21:02 **** Incremental Build of configuration Debug for project Lab5 ****
make -j4 all 
arm-none-eabi-size   Lab5.elf 
   text	   data	    bss	    dec	    hex	filename
  16288	    120	   1864	  18272	   4760	Lab5.elf
Finished building: default.size.stdout
 
16:21:09 **** Incremental Build of configuration Debug for project Lab5 ****
make -j4 all 
arm-none-eabi-size   Lab5.elf 
   text	   data	    bss	    dec	    hex	filename
  16288	    120	   1864	  18272	   4760	Lab5.elf
Finished building: default.size.stdout
 
16:21:10 **** Incremental Build of configuration Debug for project Lab5 ****
make -j4 all 
arm-none-eabi-size   Lab5.elf 
   text	   data	    bss	    dec	    hex	filename
  16288	    120	   1864	  18272	   4760	Lab5.elf
Finished building: default.size.stdout
 
16:21:14 **** Incremental Build of configuration Debug for project Lab5 ****
make -j4 all 
arm-none-eabi-size   Lab5.elf 
   text	   data	    bss	    dec	    hex	filename
  16288	    120	   1864	  18272	   4760	Lab5.elf
Finished building: default.size.stdout
 
16:21:15 **** Incremental Build of configuration Debug for project Lab5 ****
make -j4 all 
arm-none-eabi-size   Lab5.elf 
   text	   data	    bss	    dec	    hex	filename
  16288	    120	   1864	  18272	   4760	Lab5.elf
Finished building: default.size.stdout
 
16:21:19 **** Incremental Build of configuration Debug for project Lab5 ****
make -j4 all 
arm-none-eabi-size   Lab5.elf 
   text	   data	    bss	    dec	    hex	filename
  16288	    120	   1864	  18272	   4760	Lab5.elf
Finished building: default.size.stdout
 
16:21:21 **** Incremental Build of configuration Debug for project Lab5 ****
make -j4 all 
arm-none-eabi-size   Lab5.elf 
   text	   data	    bss	    dec	    hex	filename
  16288	    120	   1864	  18272	   4760	Lab5.elf
Finished building: default.size.stdout
 
16:21:24 **** Incremental Build of configuration Debug for project Lab5 ****
make -j4 all 
arm-none-eabi-size   Lab5.elf 
   text	   data	    bss	    dec	    hex	filename
  16288	    120	   1864	  18272	   4760	Lab5.elf
Finished building: default.size.stdout
 
16:21:25 **** Incremental Build of configuration Debug for project Lab5 ****
make -j4 all 
arm-none-eabi-size   Lab5.elf 
   text	   data	    bss	    dec	    hex	filename
  16288	    120	   1864	  18272	   4760	Lab5.elf
Finished building: default.size.stdout
 
16:21:27 **** Incremental Build of configuration Debug for project Lab5 ****
make -j4 all 
arm-none-eabi-size   Lab5.elf 
   text	   data	    bss	    dec	    hex	filename
  16288	    120	   1864	  18272	   4760	Lab5.elf
Finished building: default.size.stdout
 
16:21:28 **** Incremental Build of configuration Debug for project Lab5 ****
make -j4 all 
arm-none-eabi-size   Lab5.elf 
   text	   data	    bss	    dec	    hex	filename
  16288	    120	   1864	  18272	   4760	Lab5.elf
Finished building: default.size.stdout
 
16:21:34 **** Incremental Build of configuration Debug for project Lab5 ****
make -j4 all 
arm-none-eabi-size   Lab5.elf 
   text	   data	    bss	    dec	    hex	filename
  16288	    120	   1864	  18272	   4760	Lab5.elf
Finished building: default.size.stdout
 
16:21:40 **** Incremental Build of configuration Debug for project Lab5 ****
make -j4 all 
arm-none-eabi-size   Lab5.elf 
   text	   data	    bss	    dec	    hex	filename
  16288	    120	   1864	  18272	   4760	Lab5.elf
Finished building: default.size.stdout
 
16:22:08 **** Incremental Build of configuration Debug for project Lab5 ****
make -j4 all 
arm-none-eabi-gcc -o "Lab5.elf" @"objects.list"   -mcpu=cortex-m3 -T"F:\Lab_MCU\Lab5\STM32F103C6UX_FLASH.ld" --specs=nosys.specs -Wl,-Map="Lab5.map" -Wl,--gc-sections -static --specs=nano.specs -mfloat-abi=soft -mthumb -Wl,--start-group -lc -lm -Wl,--end-group
Finished building target: Lab5.elf
 
arm-none-eabi-size   Lab5.elf 
arm-none-eabi-objdump -h -S  Lab5.elf  > "Lab5.list"
arm-none-eabi-objcopy  -O ihex  Lab5.elf  "Lab5.hex"
arm-none-eabi-objcopy  -O binary  Lab5.elf  "Lab5.bin"
   text	   data	    bss	    dec	    hex	filename
  16288	    120	   1864	  18272	   4760	Lab5.elf
Finished building: default.size.stdout
 
Finished building: Lab5.hex
Finished building: Lab5.bin
 
 
Finished building: Lab5.list
 
16:22:10 **** Incremental Build of configuration Debug for project Lab5 ****
make -j4 all 
arm-none-eabi-size   Lab5.elf 
   text	   data	    bss	    dec	    hex	filename
  16288	    120	   1864	  18272	   4760	Lab5.elf
Finished building: default.size.stdout
 
16:22:13 **** Incremental Build of configuration Debug for project Lab5 ****
make -j4 all 
arm-none-eabi-size   Lab5.elf 
   text	   data	    bss	    dec	    hex	filename
  16288	    120	   1864	  18272	   4760	Lab5.elf
Finished building: default.size.stdout
 
16:22:14 **** Incremental Build of configuration Debug for project Lab5 ****
make -j4 all 
arm-none-eabi-size   Lab5.elf 
   text	   data	    bss	    dec	    hex	filename
  16288	    120	   1864	  18272	   4760	Lab5.elf
Finished building: default.size.stdout
 
16:22:15 **** Incremental Build of configuration Debug for project Lab5 ****
make -j4 all 
arm-none-eabi-size   Lab5.elf 
   text	   data	    bss	    dec	    hex	filename
  16288	    120	   1864	  18272	   4760	Lab5.elf
Finished building: default.size.stdout
 
16:22:16 **** Incremental Build of configuration Debug for project Lab5 ****
make -j4 all 
arm-none-eabi-size   Lab5.elf 
   text	   data	    bss	    dec	    hex	filename
  16288	    120	   1864	  18272	   4760	Lab5.elf
Finished building: default.size.stdout
 
16:22:18 **** Incremental Build of configuration Debug for project Lab5 ****
make -j4 all 
arm-none-eabi-size   Lab5.elf 
   text	   data	    bss	    dec	    hex	filename
  16288	    120	   1864	  18272	   4760	Lab5.elf
Finished building: default.size.stdout
 
16:22:20 **** Incremental Build of configuration Debug for project Lab5 ****
make -j4 all 
arm-none-eabi-size   Lab5.elf 
   text	   data	    bss	    dec	    hex	filename
  16288	    120	   1864	  18272	   4760	Lab5.elf
Finished building: default.size.stdout
 
16:22:37 **** Incremental Build of configuration Debug for project Lab5 ****
make -j4 all 
arm-none-eabi-size   Lab5.elf 
   text	   data	    bss	    dec	    hex	filename
  16288	    120	   1864	  18272	   4760	Lab5.elf
Finished building: default.size.stdout
 
16:24:39 **** Incremental Build of configuration Debug for project Lab5 ****
make -j4 all 
arm-none-eabi-size   Lab5.elf 
   text	   data	    bss	    dec	    hex	filename
  16288	    120	   1864	  18272	   4760	Lab5.elf
Finished building: default.size.stdout
 
16:24:40 **** Incremental Build of configuration Debug for project Lab5 ****
make -j4 all 
arm-none-eabi-size   Lab5.elf 
   text	   data	    bss	    dec	    hex	filename
  16288	    120	   1864	  18272	   4760	Lab5.elf
Finished building: default.size.stdout
 
16:24:42 **** Incremental Build of configuration Debug for project Lab5 ****
make -j4 all 
arm-none-eabi-size   Lab5.elf 
   text	   data	    bss	    dec	    hex	filename
  16288	    120	   1864	  18272	   4760	Lab5.elf
Finished building: default.size.stdout
 
16:24:45 **** Incremental Build of configuration Debug for project Lab5 ****
make -j4 all 
arm-none-eabi-size   Lab5.elf 
   text	   data	    bss	    dec	    hex	filename
  16288	    120	   1864	  18272	   4760	Lab5.elf
Finished building: default.size.stdout
 
16:24:47 **** Incremental Build of configuration Debug for project Lab5 ****
make -j4 all 
arm-none-eabi-size   Lab5.elf 
   text	   data	    bss	    dec	    hex	filename
  16288	    120	   1864	  18272	   4760	Lab5.elf
Finished building: default.size.stdout
 
16:24:49 **** Incremental Build of configuration Debug for project Lab5 ****
make -j4 all 
arm-none-eabi-size   Lab5.elf 
   text	   data	    bss	    dec	    hex	filename
  16288	    120	   1864	  18272	   4760	Lab5.elf
Finished building: default.size.stdout
 
16:24:57 **** Incremental Build of configuration Debug for project Lab5 ****
make -j4 all 
arm-none-eabi-size   Lab5.elf 
   text	   data	    bss	    dec	    hex	filename
  16288	    120	   1864	  18272	   4760	Lab5.elf
Finished building: default.size.stdout
 
16:25:51 **** Incremental Build of configuration Debug for project Lab5 ****
make -j4 all 
arm-none-eabi-gcc "../Core/Src/main.c" -mcpu=cortex-m3 -std=gnu11 -g3 -DDEBUG -DUSE_HAL_DRIVER -DSTM32F103x6 -c -I../Core/Inc -I../Drivers/STM32F1xx_HAL_Driver/Inc -I../Drivers/STM32F1xx_HAL_Driver/Inc/Legacy -I../Drivers/CMSIS/Device/ST/STM32F1xx/Include -I../Drivers/CMSIS/Include -O0 -ffunction-sections -fdata-sections -Wall -fstack-usage -MMD -MP -MF"Core/Src/main.d" -MT"Core/Src/main.o" --specs=nano.specs -mfloat-abi=soft -mthumb -o "Core/Src/main.o"
arm-none-eabi-gcc -o "Lab5.elf" @"objects.list"   -mcpu=cortex-m3 -T"F:\Lab_MCU\Lab5\STM32F103C6UX_FLASH.ld" --specs=nosys.specs -Wl,-Map="Lab5.map" -Wl,--gc-sections -static --specs=nano.specs -mfloat-abi=soft -mthumb -Wl,--start-group -lc -lm -Wl,--end-group
Finished building target: Lab5.elf
 
arm-none-eabi-size   Lab5.elf 
arm-none-eabi-objdump -h -S  Lab5.elf  > "Lab5.list"
arm-none-eabi-objcopy  -O ihex  Lab5.elf  "Lab5.hex"
arm-none-eabi-objcopy  -O binary  Lab5.elf  "Lab5.bin"
   text	   data	    bss	    dec	    hex	filename
  16288	    120	   1864	  18272	   4760	Lab5.elf
Finished building: default.size.stdout
 
Finished building: Lab5.hex
Finished building: Lab5.bin
 
 
Finished building: Lab5.list
 
16:43:44 **** Incremental Build of configuration Debug for project Lab5 ****
make -j4 all 
arm-none-eabi-gcc "../Core/Src/main.c" -mcpu=cortex-m3 -std=gnu11 -g3 -DDEBUG -DUSE_HAL_DRIVER -DSTM32F103x6 -c -I../Core/Inc -I../Drivers/STM32F1xx_HAL_Driver/Inc -I../Drivers/STM32F1xx_HAL_Driver/Inc/Legacy -I../Drivers/CMSIS/Device/ST/STM32F1xx/Include -I../Drivers/CMSIS/Include -O0 -ffunction-sections -fdata-sections -Wall -fstack-usage -MMD -MP -MF"Core/Src/main.d" -MT"Core/Src/main.o" --specs=nano.specs -mfloat-abi=soft -mthumb -o "Core/Src/main.o"
arm-none-eabi-gcc -o "Lab5.elf" @"objects.list"   -mcpu=cortex-m3 -T"F:\Lab_MCU\Lab5\STM32F103C6UX_FLASH.ld" --specs=nosys.specs -Wl,-Map="Lab5.map" -Wl,--gc-sections -static --specs=nano.specs -mfloat-abi=soft -mthumb -Wl,--start-group -lc -lm -Wl,--end-group
Finished building target: Lab5.elf
 
arm-none-eabi-size   Lab5.elf 
arm-none-eabi-objdump -h -S  Lab5.elf  > "Lab5.list"
arm-none-eabi-objcopy  -O ihex  Lab5.elf  "Lab5.hex"
arm-none-eabi-objcopy  -O binary  Lab5.elf  "Lab5.bin"
   text	   data	    bss	    dec	    hex	filename
  16296	    120	   1864	  18280	   4768	Lab5.elf
Finished building: default.size.stdout
 
Finished building: Lab5.hex
Finished building: Lab5.bin
 
 
Finished building: Lab5.list
 
16:47:27 **** Incremental Build of configuration Debug for project Lab5 ****
make -j4 all 
arm-none-eabi-size   Lab5.elf 
   text	   data	    bss	    dec	    hex	filename
  16296	    120	   1864	  18280	   4768	Lab5.elf
Finished building: default.size.stdout
 
16:47:29 **** Incremental Build of configuration Debug for project Lab5 ****
make -j4 all 
arm-none-eabi-size   Lab5.elf 
   text	   data	    bss	    dec	    hex	filename
  16296	    120	   1864	  18280	   4768	Lab5.elf
Finished building: default.size.stdout
 
16:47:30 **** Incremental Build of configuration Debug for project Lab5 ****
make -j4 all 
arm-none-eabi-size   Lab5.elf 
   text	   data	    bss	    dec	    hex	filename
  16296	    120	   1864	  18280	   4768	Lab5.elf
Finished building: default.size.stdout
 
16:47:32 **** Incremental Build of configuration Debug for project Lab5 ****
make -j4 all 
arm-none-eabi-size   Lab5.elf 
   text	   data	    bss	    dec	    hex	filename
  16296	    120	   1864	  18280	   4768	Lab5.elf
Finished building: default.size.stdout
 
16:47:33 **** Incremental Build of configuration Debug for project Lab5 ****
make -j4 all 
arm-none-eabi-size   Lab5.elf 
   text	   data	    bss	    dec	    hex	filename
  16296	    120	   1864	  18280	   4768	Lab5.elf
Finished building: default.size.stdout
 
16:47:39 **** Incremental Build of configuration Debug for project Lab5 ****
make -j4 all 
arm-none-eabi-size   Lab5.elf 
   text	   data	    bss	    dec	    hex	filename
  16296	    120	   1864	  18280	   4768	Lab5.elf
Finished building: default.size.stdout
 
16:47:41 **** Incremental Build of configuration Debug for project Lab5 ****
make -j4 all 
arm-none-eabi-size   Lab5.elf 
   text	   data	    bss	    dec	    hex	filename
  16296	    120	   1864	  18280	   4768	Lab5.elf
Finished building: default.size.stdout
 
16:47:57 **** Incremental Build of configuration Debug for project Lab5 ****
make -j4 all 
arm-none-eabi-size   Lab5.elf 
   text	   data	    bss	    dec	    hex	filename
  16296	    120	   1864	  18280	   4768	Lab5.elf
Finished building: default.size.stdout
 
16:50:17 **** Incremental Build of configuration Debug for project Lab5 ****
make -j4 all 
arm-none-eabi-gcc "../Core/Src/main.c" -mcpu=cortex-m3 -std=gnu11 -g3 -DDEBUG -DUSE_HAL_DRIVER -DSTM32F103x6 -c -I../Core/Inc -I../Drivers/STM32F1xx_HAL_Driver/Inc -I../Drivers/STM32F1xx_HAL_Driver/Inc/Legacy -I../Drivers/CMSIS/Device/ST/STM32F1xx/Include -I../Drivers/CMSIS/Include -O0 -ffunction-sections -fdata-sections -Wall -fstack-usage -MMD -MP -MF"Core/Src/main.d" -MT"Core/Src/main.o" --specs=nano.specs -mfloat-abi=soft -mthumb -o "Core/Src/main.o"
arm-none-eabi-gcc -o "Lab5.elf" @"objects.list"   -mcpu=cortex-m3 -T"F:\Lab_MCU\Lab5\STM32F103C6UX_FLASH.ld" --specs=nosys.specs -Wl,-Map="Lab5.map" -Wl,--gc-sections -static --specs=nano.specs -mfloat-abi=soft -mthumb -Wl,--start-group -lc -lm -Wl,--end-group
Finished building target: Lab5.elf
 
arm-none-eabi-size   Lab5.elf 
arm-none-eabi-objdump -h -S  Lab5.elf  > "Lab5.list"
arm-none-eabi-objcopy  -O ihex  Lab5.elf  "Lab5.hex"
arm-none-eabi-objcopy  -O binary  Lab5.elf  "Lab5.bin"
   text	   data	    bss	    dec	    hex	filename
  16296	    120	   1864	  18280	   4768	Lab5.elf
Finished building: default.size.stdout
 
Finished building: Lab5.bin
Finished building: Lab5.hex
 
 
Finished building: Lab5.list
 
16:50:18 **** Incremental Build of configuration Debug for project Lab5 ****
make -j4 all 
arm-none-eabi-size   Lab5.elf 
   text	   data	    bss	    dec	    hex	filename
  16296	    120	   1864	  18280	   4768	Lab5.elf
Finished building: default.size.stdout
 
16:50:27 **** Incremental Build of configuration Debug for project Lab5 ****
make -j4 all 
arm-none-eabi-size   Lab5.elf 
   text	   data	    bss	    dec	    hex	filename
  16296	    120	   1864	  18280	   4768	Lab5.elf
Finished building: default.size.stdout
 
16:50:31 **** Incremental Build of configuration Debug for project Lab5 ****
make -j4 all 
arm-none-eabi-size   Lab5.elf 
   text	   data	    bss	    dec	    hex	filename
  16296	    120	   1864	  18280	   4768	Lab5.elf
Finished building: default.size.stdout
 
16:50:32 **** Incremental Build of configuration Debug for project Lab5 ****
make -j4 all 
arm-none-eabi-size   Lab5.elf 
   text	   data	    bss	    dec	    hex	filename
  16296	    120	   1864	  18280	   4768	Lab5.elf
Finished building: default.size.stdout
 
16:50:34 **** Incremental Build of configuration Debug for project Lab5 ****
make -j4 all 
arm-none-eabi-size   Lab5.elf 
   text	   data	    bss	    dec	    hex	filename
  16296	    120	   1864	  18280	   4768	Lab5.elf
Finished building: default.size.stdout
 
16:50:36 **** Incremental Build of configuration Debug for project Lab5 ****
make -j4 all 
arm-none-eabi-size   Lab5.elf 
   text	   data	    bss	    dec	    hex	filename
  16296	    120	   1864	  18280	   4768	Lab5.elf
Finished building: default.size.stdout
 
16:50:37 **** Incremental Build of configuration Debug for project Lab5 ****
make -j4 all 
arm-none-eabi-size   Lab5.elf 
   text	   data	    bss	    dec	    hex	filename
  16296	    120	   1864	  18280	   4768	Lab5.elf
Finished building: default.size.stdout
 
16:50:39 **** Incremental Build of configuration Debug for project Lab5 ****
make -j4 all 
arm-none-eabi-size   Lab5.elf 
   text	   data	    bss	    dec	    hex	filename
  16296	    120	   1864	  18280	   4768	Lab5.elf
Finished building: default.size.stdout
 
16:50:41 **** Incremental Build of configuration Debug for project Lab5 ****
make -j4 all 
arm-none-eabi-size   Lab5.elf 
   text	   data	    bss	    dec	    hex	filename
  16296	    120	   1864	  18280	   4768	Lab5.elf
Finished building: default.size.stdout
 
16:50:43 **** Incremental Build of configuration Debug for project Lab5 ****
make -j4 all 
arm-none-eabi-size   Lab5.elf 
   text	   data	    bss	    dec	    hex	filename
  16296	    120	   1864	  18280	   4768	Lab5.elf
Finished building: default.size.stdout
 
16:50:45 **** Incremental Build of configuration Debug for project Lab5 ****
make -j4 all 
arm-none-eabi-size   Lab5.elf 
   text	   data	    bss	    dec	    hex	filename
  16296	    120	   1864	  18280	   4768	Lab5.elf
Finished building: default.size.stdout
 
16:50:46 **** Incremental Build of configuration Debug for project Lab5 ****
make -j4 all 
arm-none-eabi-size   Lab5.elf 
   text	   data	    bss	    dec	    hex	filename
  16296	    120	   1864	  18280	   4768	Lab5.elf
Finished building: default.size.stdout
 
16:50:58 **** Incremental Build of configuration Debug for project Lab5 ****
make -j4 all 
arm-none-eabi-size   Lab5.elf 
   text	   data	    bss	    dec	    hex	filename
  16296	    120	   1864	  18280	   4768	Lab5.elf
Finished building: default.size.stdout
 
16:53:45 **** Incremental Build of configuration Debug for project Lab5 ****
make -j4 all 
arm-none-eabi-size   Lab5.elf 
   text	   data	    bss	    dec	    hex	filename
  16296	    120	   1864	  18280	   4768	Lab5.elf
Finished building: default.size.stdout
 
16:53:48 **** Incremental Build of configuration Debug for project Lab5 ****
make -j4 all 
arm-none-eabi-size   Lab5.elf 
   text	   data	    bss	    dec	    hex	filename
  16296	    120	   1864	  18280	   4768	Lab5.elf
Finished building: default.size.stdout
 
16:53:50 **** Incremental Build of configuration Debug for project Lab5 ****
make -j4 all 
arm-none-eabi-size   Lab5.elf 
   text	   data	    bss	    dec	    hex	filename
  16296	    120	   1864	  18280	   4768	Lab5.elf
Finished building: default.size.stdout
 
16:53:51 **** Incremental Build of configuration Debug for project Lab5 ****
make -j4 all 
arm-none-eabi-size   Lab5.elf 
   text	   data	    bss	    dec	    hex	filename
  16296	    120	   1864	  18280	   4768	Lab5.elf
Finished building: default.size.stdout
 
16:53:53 **** Incremental Build of configuration Debug for project Lab5 ****
make -j4 all 
arm-none-eabi-size   Lab5.elf 
   text	   data	    bss	    dec	    hex	filename
  16296	    120	   1864	  18280	   4768	Lab5.elf
Finished building: default.size.stdout
 
16:53:54 **** Incremental Build of configuration Debug for project Lab5 ****
make -j4 all 
arm-none-eabi-size   Lab5.elf 
   text	   data	    bss	    dec	    hex	filename
  16296	    120	   1864	  18280	   4768	Lab5.elf
Finished building: default.size.stdout
 
16:53:55 **** Incremental Build of configuration Debug for project Lab5 ****
make -j4 all 
arm-none-eabi-size   Lab5.elf 
   text	   data	    bss	    dec	    hex	filename
  16296	    120	   1864	  18280	   4768	Lab5.elf
Finished building: default.size.stdout
 
16:53:57 **** Incremental Build of configuration Debug for project Lab5 ****
make -j4 all 
arm-none-eabi-size   Lab5.elf 
   text	   data	    bss	    dec	    hex	filename
  16296	    120	   1864	  18280	   4768	Lab5.elf
Finished building: default.size.stdout
 
16:53:58 **** Incremental Build of configuration Debug for project Lab5 ****
make -j4 all 
arm-none-eabi-size   Lab5.elf 
   text	   data	    bss	    dec	    hex	filename
  16296	    120	   1864	  18280	   4768	Lab5.elf
Finished building: default.size.stdout
 
16:53:59 **** Incremental Build of configuration Debug for project Lab5 ****
make -j4 all 
arm-none-eabi-size   Lab5.elf 
   text	   data	    bss	    dec	    hex	filename
  16296	    120	   1864	  18280	   4768	Lab5.elf
Finished building: default.size.stdout
 
16:54:06 **** Incremental Build of configuration Debug for project Lab5 ****
make -j4 all 
arm-none-eabi-size   Lab5.elf 
   text	   data	    bss	    dec	    hex	filename
  16296	    120	   1864	  18280	   4768	Lab5.elf
Finished building: default.size.stdout
 
16:54:16 **** Incremental Build of configuration Debug for project Lab5 ****
make -j4 all 
arm-none-eabi-size   Lab5.elf 
   text	   data	    bss	    dec	    hex	filename
  16296	    120	   1864	  18280	   4768	Lab5.elf
Finished building: default.size.stdout
 
17:01:56 **** Incremental Build of configuration Debug for project Lab5 ****
make -j4 all 
arm-none-eabi-gcc "../Core/Src/main.c" -mcpu=cortex-m3 -std=gnu11 -g3 -DDEBUG -DUSE_HAL_DRIVER -DSTM32F103x6 -c -I../Core/Inc -I../Drivers/STM32F1xx_HAL_Driver/Inc -I../Drivers/STM32F1xx_HAL_Driver/Inc/Legacy -I../Drivers/CMSIS/Device/ST/STM32F1xx/Include -I../Drivers/CMSIS/Include -O0 -ffunction-sections -fdata-sections -Wall -fstack-usage -MMD -MP -MF"Core/Src/main.d" -MT"Core/Src/main.o" --specs=nano.specs -mfloat-abi=soft -mthumb -o "Core/Src/main.o"
arm-none-eabi-gcc -o "Lab5.elf" @"objects.list"   -mcpu=cortex-m3 -T"F:\Lab_MCU\Lab5\STM32F103C6UX_FLASH.ld" --specs=nosys.specs -Wl,-Map="Lab5.map" -Wl,--gc-sections -static --specs=nano.specs -mfloat-abi=soft -mthumb -Wl,--start-group -lc -lm -Wl,--end-group
Finished building target: Lab5.elf
 
arm-none-eabi-size   Lab5.elf 
arm-none-eabi-objdump -h -S  Lab5.elf  > "Lab5.list"
arm-none-eabi-objcopy  -O ihex  Lab5.elf  "Lab5.hex"
arm-none-eabi-objcopy  -O binary  Lab5.elf  "Lab5.bin"
   text	   data	    bss	    dec	    hex	filename
  16296	    120	   1864	  18280	   4768	Lab5.elf
Finished building: default.size.stdout
 
Finished building: Lab5.bin
Finished building: Lab5.hex
 
 
Finished building: Lab5.list
 
17:02:00 **** Incremental Build of configuration Debug for project Lab5 ****
make -j4 all 
arm-none-eabi-size   Lab5.elf 
   text	   data	    bss	    dec	    hex	filename
  16296	    120	   1864	  18280	   4768	Lab5.elf
Finished building: default.size.stdout
 
17:02:02 **** Incremental Build of configuration Debug for project Lab5 ****
make -j4 all 
arm-none-eabi-size   Lab5.elf 
   text	   data	    bss	    dec	    hex	filename
  16296	    120	   1864	  18280	   4768	Lab5.elf
Finished building: default.size.stdout
 
17:02:03 **** Incremental Build of configuration Debug for project Lab5 ****
make -j4 all 
arm-none-eabi-size   Lab5.elf 
   text	   data	    bss	    dec	    hex	filename
  16296	    120	   1864	  18280	   4768	Lab5.elf
Finished building: default.size.stdout
 
17:02:05 **** Incremental Build of configuration Debug for project Lab5 ****
make -j4 all 
arm-none-eabi-size   Lab5.elf 
   text	   data	    bss	    dec	    hex	filename
  16296	    120	   1864	  18280	   4768	Lab5.elf
Finished building: default.size.stdout
 
17:02:06 **** Incremental Build of configuration Debug for project Lab5 ****
make -j4 all 
arm-none-eabi-size   Lab5.elf 
   text	   data	    bss	    dec	    hex	filename
  16296	    120	   1864	  18280	   4768	Lab5.elf
Finished building: default.size.stdout
 
17:02:08 **** Incremental Build of configuration Debug for project Lab5 ****
make -j4 all 
arm-none-eabi-size   Lab5.elf 
   text	   data	    bss	    dec	    hex	filename
  16296	    120	   1864	  18280	   4768	Lab5.elf
Finished building: default.size.stdout
 
17:02:10 **** Incremental Build of configuration Debug for project Lab5 ****
make -j4 all 
arm-none-eabi-size   Lab5.elf 
   text	   data	    bss	    dec	    hex	filename
  16296	    120	   1864	  18280	   4768	Lab5.elf
Finished building: default.size.stdout
 
17:02:11 **** Incremental Build of configuration Debug for project Lab5 ****
make -j4 all 
arm-none-eabi-size   Lab5.elf 
   text	   data	    bss	    dec	    hex	filename
  16296	    120	   1864	  18280	   4768	Lab5.elf
Finished building: default.size.stdout
 
17:02:19 **** Incremental Build of configuration Debug for project Lab5 ****
make -j4 all 
arm-none-eabi-size   Lab5.elf 
   text	   data	    bss	    dec	    hex	filename
  16296	    120	   1864	  18280	   4768	Lab5.elf
Finished building: default.size.stdout
 
17:47:33 **** Incremental Build of configuration Debug for project Lab5 ****
make -j4 all 
arm-none-eabi-size   Lab5.elf 
   text	   data	    bss	    dec	    hex	filename
  16296	    120	   1864	  18280	   4768	Lab5.elf
Finished building: default.size.stdout
 
17:47:35 **** Incremental Build of configuration Debug for project Lab5 ****
make -j4 all 
arm-none-eabi-size   Lab5.elf 
   text	   data	    bss	    dec	    hex	filename
  16296	    120	   1864	  18280	   4768	Lab5.elf
Finished building: default.size.stdout
 
17:47:36 **** Incremental Build of configuration Debug for project Lab5 ****
make -j4 all 
arm-none-eabi-size   Lab5.elf 
   text	   data	    bss	    dec	    hex	filename
  16296	    120	   1864	  18280	   4768	Lab5.elf
Finished building: default.size.stdout
 
17:47:38 **** Incremental Build of configuration Debug for project Lab5 ****
make -j4 all 
arm-none-eabi-size   Lab5.elf 
   text	   data	    bss	    dec	    hex	filename
  16296	    120	   1864	  18280	   4768	Lab5.elf
Finished building: default.size.stdout
 
17:47:40 **** Incremental Build of configuration Debug for project Lab5 ****
make -j4 all 
arm-none-eabi-size   Lab5.elf 
   text	   data	    bss	    dec	    hex	filename
  16296	    120	   1864	  18280	   4768	Lab5.elf
Finished building: default.size.stdout
 
17:47:41 **** Incremental Build of configuration Debug for project Lab5 ****
make -j4 all 
arm-none-eabi-size   Lab5.elf 
   text	   data	    bss	    dec	    hex	filename
  16296	    120	   1864	  18280	   4768	Lab5.elf
Finished building: default.size.stdout
 
17:47:43 **** Incremental Build of configuration Debug for project Lab5 ****
make -j4 all 
arm-none-eabi-size   Lab5.elf 
   text	   data	    bss	    dec	    hex	filename
  16296	    120	   1864	  18280	   4768	Lab5.elf
Finished building: default.size.stdout
 
17:47:48 **** Incremental Build of configuration Debug for project Lab5 ****
make -j4 all 
arm-none-eabi-size   Lab5.elf 
   text	   data	    bss	    dec	    hex	filename
  16296	    120	   1864	  18280	   4768	Lab5.elf
Finished building: default.size.stdout
 
17:50:05 **** Incremental Build of configuration Debug for project Lab5 ****
make -j4 all 
arm-none-eabi-gcc "../Core/Src/main.c" -mcpu=cortex-m3 -std=gnu11 -g3 -DDEBUG -DUSE_HAL_DRIVER -DSTM32F103x6 -c -I../Core/Inc -I../Drivers/STM32F1xx_HAL_Driver/Inc -I../Drivers/STM32F1xx_HAL_Driver/Inc/Legacy -I../Drivers/CMSIS/Device/ST/STM32F1xx/Include -I../Drivers/CMSIS/Include -O0 -ffunction-sections -fdata-sections -Wall -fstack-usage -MMD -MP -MF"Core/Src/main.d" -MT"Core/Src/main.o" --specs=nano.specs -mfloat-abi=soft -mthumb -o "Core/Src/main.o"
arm-none-eabi-gcc -o "Lab5.elf" @"objects.list"   -mcpu=cortex-m3 -T"F:\Lab_MCU\Lab5\STM32F103C6UX_FLASH.ld" --specs=nosys.specs -Wl,-Map="Lab5.map" -Wl,--gc-sections -static --specs=nano.specs -mfloat-abi=soft -mthumb -Wl,--start-group -lc -lm -Wl,--end-group
Finished building target: Lab5.elf
 
arm-none-eabi-size   Lab5.elf 
arm-none-eabi-objdump -h -S  Lab5.elf  > "Lab5.list"
arm-none-eabi-objcopy  -O ihex  Lab5.elf  "Lab5.hex"
arm-none-eabi-objcopy  -O binary  Lab5.elf  "Lab5.bin"
   text	   data	    bss	    dec	    hex	filename
  16288	    120	   1864	  18272	   4760	Lab5.elf
Finished building: default.size.stdout
Finished building: Lab5.bin
 
Finished building: Lab5.hex
 
 
Finished building: Lab5.list
 
17:52:18 **** Incremental Build of configuration Debug for project Lab5 ****
make -j4 all 
arm-none-eabi-gcc "../Core/Src/main.c" -mcpu=cortex-m3 -std=gnu11 -g3 -DDEBUG -DUSE_HAL_DRIVER -DSTM32F103x6 -c -I../Core/Inc -I../Drivers/STM32F1xx_HAL_Driver/Inc -I../Drivers/STM32F1xx_HAL_Driver/Inc/Legacy -I../Drivers/CMSIS/Device/ST/STM32F1xx/Include -I../Drivers/CMSIS/Include -O0 -ffunction-sections -fdata-sections -Wall -fstack-usage -MMD -MP -MF"Core/Src/main.d" -MT"Core/Src/main.o" --specs=nano.specs -mfloat-abi=soft -mthumb -o "Core/Src/main.o"
arm-none-eabi-gcc -o "Lab5.elf" @"objects.list"   -mcpu=cortex-m3 -T"F:\Lab_MCU\Lab5\STM32F103C6UX_FLASH.ld" --specs=nosys.specs -Wl,-Map="Lab5.map" -Wl,--gc-sections -static --specs=nano.specs -mfloat-abi=soft -mthumb -Wl,--start-group -lc -lm -Wl,--end-group
Finished building target: Lab5.elf
 
arm-none-eabi-size   Lab5.elf 
arm-none-eabi-objdump -h -S  Lab5.elf  > "Lab5.list"
arm-none-eabi-objcopy  -O ihex  Lab5.elf  "Lab5.hex"
arm-none-eabi-objcopy  -O binary  Lab5.elf  "Lab5.bin"
   text	   data	    bss	    dec	    hex	filename
  16288	    120	   1864	  18272	   4760	Lab5.elf
Finished building: default.size.stdout
 
Finished building: Lab5.bin
Finished building: Lab5.hex
 
 
Finished building: Lab5.list
 
17:56:44 **** Incremental Build of configuration Debug for project Lab5 ****
make -j4 all 
arm-none-eabi-gcc "../Core/Src/main.c" -mcpu=cortex-m3 -std=gnu11 -g3 -DDEBUG -DUSE_HAL_DRIVER -DSTM32F103x6 -c -I../Core/Inc -I../Drivers/STM32F1xx_HAL_Driver/Inc -I../Drivers/STM32F1xx_HAL_Driver/Inc/Legacy -I../Drivers/CMSIS/Device/ST/STM32F1xx/Include -I../Drivers/CMSIS/Include -O0 -ffunction-sections -fdata-sections -Wall -fstack-usage -MMD -MP -MF"Core/Src/main.d" -MT"Core/Src/main.o" --specs=nano.specs -mfloat-abi=soft -mthumb -o "Core/Src/main.o"
arm-none-eabi-gcc -o "Lab5.elf" @"objects.list"   -mcpu=cortex-m3 -T"F:\Lab_MCU\Lab5\STM32F103C6UX_FLASH.ld" --specs=nosys.specs -Wl,-Map="Lab5.map" -Wl,--gc-sections -static --specs=nano.specs -mfloat-abi=soft -mthumb -Wl,--start-group -lc -lm -Wl,--end-group
Finished building target: Lab5.elf
 
arm-none-eabi-size   Lab5.elf 
arm-none-eabi-objdump -h -S  Lab5.elf  > "Lab5.list"
arm-none-eabi-objcopy  -O ihex  Lab5.elf  "Lab5.hex"
arm-none-eabi-objcopy  -O binary  Lab5.elf  "Lab5.bin"
   text	   data	    bss	    dec	    hex	filename
  16292	    120	   1864	  18276	   4764	Lab5.elf
Finished building: default.size.stdout
 
Finished building: Lab5.bin
 
Finished building: Lab5.hex
Finished building: Lab5.list
 
 
17:56:48 **** Incremental Build of configuration Debug for project Lab5 ****
make -j4 all 
arm-none-eabi-size   Lab5.elf 
   text	   data	    bss	    dec	    hex	filename
  16292	    120	   1864	  18276	   4764	Lab5.elf
Finished building: default.size.stdout
 
17:56:56 **** Incremental Build of configuration Debug for project Lab5 ****
make -j4 all 
arm-none-eabi-size   Lab5.elf 
   text	   data	    bss	    dec	    hex	filename
  16292	    120	   1864	  18276	   4764	Lab5.elf
Finished building: default.size.stdout
 
17:57:03 **** Incremental Build of configuration Debug for project Lab5 ****
make -j4 all 
arm-none-eabi-size   Lab5.elf 
   text	   data	    bss	    dec	    hex	filename
  16292	    120	   1864	  18276	   4764	Lab5.elf
Finished building: default.size.stdout
 
17:57:16 **** Incremental Build of configuration Debug for project Lab5 ****
make -j4 all 
arm-none-eabi-size   Lab5.elf 
   text	   data	    bss	    dec	    hex	filename
  16292	    120	   1864	  18276	   4764	Lab5.elf
Finished building: default.size.stdout
 
17:57:22 **** Incremental Build of configuration Debug for project Lab5 ****
make -j4 all 
arm-none-eabi-size   Lab5.elf 
   text	   data	    bss	    dec	    hex	filename
  16292	    120	   1864	  18276	   4764	Lab5.elf
Finished building: default.size.stdout
 
17:57:31 **** Incremental Build of configuration Debug for project Lab5 ****
make -j4 all 
arm-none-eabi-size   Lab5.elf 
   text	   data	    bss	    dec	    hex	filename
  16292	    120	   1864	  18276	   4764	Lab5.elf
Finished building: default.size.stdout
 
17:57:39 **** Incremental Build of configuration Debug for project Lab5 ****
make -j4 all 
arm-none-eabi-size   Lab5.elf 
   text	   data	    bss	    dec	    hex	filename
  16292	    120	   1864	  18276	   4764	Lab5.elf
Finished building: default.size.stdout
 
17:57:45 **** Incremental Build of configuration Debug for project Lab5 ****
make -j4 all 
arm-none-eabi-size   Lab5.elf 
   text	   data	    bss	    dec	    hex	filename
  16292	    120	   1864	  18276	   4764	Lab5.elf
Finished building: default.size.stdout
 
17:57:50 **** Incremental Build of configuration Debug for project Lab5 ****
make -j4 all 
arm-none-eabi-size   Lab5.elf 
   text	   data	    bss	    dec	    hex	filename
  16292	    120	   1864	  18276	   4764	Lab5.elf
Finished building: default.size.stdout
 
17:57:51 **** Incremental Build of configuration Debug for project Lab5 ****
make -j4 all 
arm-none-eabi-size   Lab5.elf 
   text	   data	    bss	    dec	    hex	filename
  16292	    120	   1864	  18276	   4764	Lab5.elf
Finished building: default.size.stdout
 
17:57:53 **** Incremental Build of configuration Debug for project Lab5 ****
make -j4 all 
arm-none-eabi-size   Lab5.elf 
   text	   data	    bss	    dec	    hex	filename
  16292	    120	   1864	  18276	   4764	Lab5.elf
Finished building: default.size.stdout
 
17:57:54 **** Incremental Build of configuration Debug for project Lab5 ****
make -j4 all 
arm-none-eabi-size   Lab5.elf 
   text	   data	    bss	    dec	    hex	filename
  16292	    120	   1864	  18276	   4764	Lab5.elf
Finished building: default.size.stdout
 
17:57:55 **** Incremental Build of configuration Debug for project Lab5 ****
make -j4 all 
arm-none-eabi-size   Lab5.elf 
   text	   data	    bss	    dec	    hex	filename
  16292	    120	   1864	  18276	   4764	Lab5.elf
Finished building: default.size.stdout
 
17:57:59 **** Incremental Build of configuration Debug for project Lab5 ****
make -j4 all 
arm-none-eabi-size   Lab5.elf 
   text	   data	    bss	    dec	    hex	filename
  16292	    120	   1864	  18276	   4764	Lab5.elf
Finished building: default.size.stdout
 
17:58:03 **** Incremental Build of configuration Debug for project Lab5 ****
make -j4 all 
arm-none-eabi-size   Lab5.elf 
   text	   data	    bss	    dec	    hex	filename
  16292	    120	   1864	  18276	   4764	Lab5.elf
Finished building: default.size.stdout
 
18:00:00 **** Incremental Build of configuration Debug for project Lab5 ****
make -j4 all 
arm-none-eabi-gcc "../Core/Src/fsm.c" -mcpu=cortex-m3 -std=gnu11 -g3 -DDEBUG -DUSE_HAL_DRIVER -DSTM32F103x6 -c -I../Core/Inc -I../Drivers/STM32F1xx_HAL_Driver/Inc -I../Drivers/STM32F1xx_HAL_Driver/Inc/Legacy -I../Drivers/CMSIS/Device/ST/STM32F1xx/Include -I../Drivers/CMSIS/Include -O0 -ffunction-sections -fdata-sections -Wall -fstack-usage -MMD -MP -MF"Core/Src/fsm.d" -MT"Core/Src/fsm.o" --specs=nano.specs -mfloat-abi=soft -mthumb -o "Core/Src/fsm.o"
arm-none-eabi-gcc -o "Lab5.elf" @"objects.list"   -mcpu=cortex-m3 -T"F:\Lab_MCU\Lab5\STM32F103C6UX_FLASH.ld" --specs=nosys.specs -Wl,-Map="Lab5.map" -Wl,--gc-sections -static --specs=nano.specs -mfloat-abi=soft -mthumb -Wl,--start-group -lc -lm -Wl,--end-group
Finished building target: Lab5.elf
 
arm-none-eabi-size   Lab5.elf 
arm-none-eabi-objdump -h -S  Lab5.elf  > "Lab5.list"
arm-none-eabi-objcopy  -O ihex  Lab5.elf  "Lab5.hex"
arm-none-eabi-objcopy  -O binary  Lab5.elf  "Lab5.bin"
   text	   data	    bss	    dec	    hex	filename
  16292	    120	   1864	  18276	   4764	Lab5.elf
Finished building: default.size.stdout
 
Finished building: Lab5.hex
Finished building: Lab5.bin
 
 
Finished building: Lab5.list
 
18:00:06 **** Incremental Build of configuration Debug for project Lab5 ****
make -j4 all 
arm-none-eabi-size   Lab5.elf 
   text	   data	    bss	    dec	    hex	filename
  16292	    120	   1864	  18276	   4764	Lab5.elf
Finished building: default.size.stdout
 
18:00:09 **** Incremental Build of configuration Debug for project Lab5 ****
make -j4 all 
arm-none-eabi-size   Lab5.elf 
   text	   data	    bss	    dec	    hex	filename
  16292	    120	   1864	  18276	   4764	Lab5.elf
Finished building: default.size.stdout
 
18:00:10 **** Incremental Build of configuration Debug for project Lab5 ****
make -j4 all 
arm-none-eabi-size   Lab5.elf 
   text	   data	    bss	    dec	    hex	filename
  16292	    120	   1864	  18276	   4764	Lab5.elf
Finished building: default.size.stdout
 
18:00:12 **** Incremental Build of configuration Debug for project Lab5 ****
make -j4 all 
arm-none-eabi-size   Lab5.elf 
   text	   data	    bss	    dec	    hex	filename
  16292	    120	   1864	  18276	   4764	Lab5.elf
Finished building: default.size.stdout
 
18:00:13 **** Incremental Build of configuration Debug for project Lab5 ****
make -j4 all 
arm-none-eabi-size   Lab5.elf 
   text	   data	    bss	    dec	    hex	filename
  16292	    120	   1864	  18276	   4764	Lab5.elf
Finished building: default.size.stdout
 
18:00:16 **** Incremental Build of configuration Debug for project Lab5 ****
make -j4 all 
arm-none-eabi-size   Lab5.elf 
   text	   data	    bss	    dec	    hex	filename
  16292	    120	   1864	  18276	   4764	Lab5.elf
Finished building: default.size.stdout
 
18:00:17 **** Incremental Build of configuration Debug for project Lab5 ****
make -j4 all 
arm-none-eabi-size   Lab5.elf 
   text	   data	    bss	    dec	    hex	filename
  16292	    120	   1864	  18276	   4764	Lab5.elf
Finished building: default.size.stdout
 
18:00:20 **** Incremental Build of configuration Debug for project Lab5 ****
make -j4 all 
arm-none-eabi-size   Lab5.elf 
   text	   data	    bss	    dec	    hex	filename
  16292	    120	   1864	  18276	   4764	Lab5.elf
Finished building: default.size.stdout
 
18:00:23 **** Incremental Build of configuration Debug for project Lab5 ****
make -j4 all 
arm-none-eabi-size   Lab5.elf 
   text	   data	    bss	    dec	    hex	filename
  16292	    120	   1864	  18276	   4764	Lab5.elf
Finished building: default.size.stdout
 
18:00:25 **** Incremental Build of configuration Debug for project Lab5 ****
make -j4 all 
arm-none-eabi-size   Lab5.elf 
   text	   data	    bss	    dec	    hex	filename
  16292	    120	   1864	  18276	   4764	Lab5.elf
Finished building: default.size.stdout
 
18:00:28 **** Incremental Build of configuration Debug for project Lab5 ****
make -j4 all 
arm-none-eabi-size   Lab5.elf 
   text	   data	    bss	    dec	    hex	filename
  16292	    120	   1864	  18276	   4764	Lab5.elf
Finished building: default.size.stdout
 
18:00:31 **** Incremental Build of configuration Debug for project Lab5 ****
make -j4 all 
arm-none-eabi-size   Lab5.elf 
   text	   data	    bss	    dec	    hex	filename
  16292	    120	   1864	  18276	   4764	Lab5.elf
Finished building: default.size.stdout
 
18:00:37 **** Incremental Build of configuration Debug for project Lab5 ****
make -j4 all 
arm-none-eabi-size   Lab5.elf 
   text	   data	    bss	    dec	    hex	filename
  16292	    120	   1864	  18276	   4764	Lab5.elf
Finished building: default.size.stdout
 
18:04:12 **** Incremental Build of configuration Debug for project Lab5 ****
make -j4 all 
arm-none-eabi-gcc "../Core/Src/main.c" -mcpu=cortex-m3 -std=gnu11 -g3 -DDEBUG -DUSE_HAL_DRIVER -DSTM32F103x6 -c -I../Core/Inc -I../Drivers/STM32F1xx_HAL_Driver/Inc -I../Drivers/STM32F1xx_HAL_Driver/Inc/Legacy -I../Drivers/CMSIS/Device/ST/STM32F1xx/Include -I../Drivers/CMSIS/Include -O0 -ffunction-sections -fdata-sections -Wall -fstack-usage -MMD -MP -MF"Core/Src/main.d" -MT"Core/Src/main.o" --specs=nano.specs -mfloat-abi=soft -mthumb -o "Core/Src/main.o"
arm-none-eabi-gcc -o "Lab5.elf" @"objects.list"   -mcpu=cortex-m3 -T"F:\Lab_MCU\Lab5\STM32F103C6UX_FLASH.ld" --specs=nosys.specs -Wl,-Map="Lab5.map" -Wl,--gc-sections -static --specs=nano.specs -mfloat-abi=soft -mthumb -Wl,--start-group -lc -lm -Wl,--end-group
Finished building target: Lab5.elf
 
arm-none-eabi-size   Lab5.elf 
arm-none-eabi-objdump -h -S  Lab5.elf  > "Lab5.list"
arm-none-eabi-objcopy  -O ihex  Lab5.elf  "Lab5.hex"
arm-none-eabi-objcopy  -O binary  Lab5.elf  "Lab5.bin"
   text	   data	    bss	    dec	    hex	filename
  16304	    120	   1864	  18288	   4770	Lab5.elf
Finished building: default.size.stdout
 
Finished building: Lab5.bin
Finished building: Lab5.hex
 
 
Finished building: Lab5.list
 
18:04:18 **** Incremental Build of configuration Debug for project Lab5 ****
make -j4 all 
arm-none-eabi-size   Lab5.elf 
   text	   data	    bss	    dec	    hex	filename
  16304	    120	   1864	  18288	   4770	Lab5.elf
Finished building: default.size.stdout
 
18:04:19 **** Incremental Build of configuration Debug for project Lab5 ****
make -j4 all 
arm-none-eabi-size   Lab5.elf 
   text	   data	    bss	    dec	    hex	filename
  16304	    120	   1864	  18288	   4770	Lab5.elf
Finished building: default.size.stdout
 
18:04:21 **** Incremental Build of configuration Debug for project Lab5 ****
make -j4 all 
arm-none-eabi-size   Lab5.elf 
   text	   data	    bss	    dec	    hex	filename
  16304	    120	   1864	  18288	   4770	Lab5.elf
Finished building: default.size.stdout
 
18:04:22 **** Incremental Build of configuration Debug for project Lab5 ****
make -j4 all 
arm-none-eabi-size   Lab5.elf 
   text	   data	    bss	    dec	    hex	filename
  16304	    120	   1864	  18288	   4770	Lab5.elf
Finished building: default.size.stdout
 
18:04:24 **** Incremental Build of configuration Debug for project Lab5 ****
make -j4 all 
arm-none-eabi-size   Lab5.elf 
   text	   data	    bss	    dec	    hex	filename
  16304	    120	   1864	  18288	   4770	Lab5.elf
Finished building: default.size.stdout
 
18:04:26 **** Incremental Build of configuration Debug for project Lab5 ****
make -j4 all 
arm-none-eabi-size   Lab5.elf 
   text	   data	    bss	    dec	    hex	filename
  16304	    120	   1864	  18288	   4770	Lab5.elf
Finished building: default.size.stdout
 
18:04:32 **** Incremental Build of configuration Debug for project Lab5 ****
make -j4 all 
arm-none-eabi-size   Lab5.elf 
   text	   data	    bss	    dec	    hex	filename
  16304	    120	   1864	  18288	   4770	Lab5.elf
Finished building: default.size.stdout
 
