15:55:06 **** Incremental Build of configuration Debug for project Lab1_1 ****
make -j4 all 
arm-none-eabi-gcc "../Core/Src/main.c" -mcpu=cortex-m3 -std=gnu11 -g3 -DDEBUG -DUSE_HAL_DRIVER -DSTM32F103x6 -c -I../Core/Inc -I../Drivers/STM32F1xx_HAL_Driver/Inc -I../Drivers/STM32F1xx_HAL_Driver/Inc/Legacy -I../Drivers/CMSIS/Device/ST/STM32F1xx/Include -I../Drivers/CMSIS/Include -O0 -ffunction-sections -fdata-sections -Wall -fstack-usage -MMD -MP -MF"Core/Src/main.d" -MT"Core/Src/main.o" --specs=nano.specs -mfloat-abi=soft -mthumb -o "Core/Src/main.o"
arm-none-eabi-gcc -o "Lab1_1.elf" @"objects.list"   -mcpu=cortex-m3 -T"F:\Lab_MCU\Lab1_1\STM32F103C6UX_FLASH.ld" --specs=nosys.specs -Wl,-Map="Lab1_1.map" -Wl,--gc-sections -static --specs=nano.specs -mfloat-abi=soft -mthumb -Wl,--start-group -lc -lm -Wl,--end-group
Finished building target: Lab1_1.elf
 
arm-none-eabi-size   Lab1_1.elf 
arm-none-eabi-objdump -h -S  Lab1_1.elf  > "Lab1_1.list"
arm-none-eabi-objcopy  -O ihex  Lab1_1.elf  "Lab1_1.hex"
arm-none-eabi-objcopy  -O binary  Lab1_1.elf  "Lab1_1.bin"
   text	   data	    bss	    dec	    hex	filename
   4604	     20	   1572	   6196	   1834	Lab1_1.elf
Finished building: default.size.stdout
Finished building: Lab1_1.bin
Finished building: Lab1_1.hex
Finished building: Lab1_1.list
 
 
 
 

15:55:08 Build Finished. 0 errors, 0 warnings. (took 1s.906ms)

